0 = 0 + 2(0^2)
0 = 3(0^3) + 4(0^4)
3 = 1 + 2(1^2)
3 = 3(1^3) + 4(0^4)
