0 = 0^3 + 0^3
1 = 1^3 + 0^3
1 = 0^3 + 1^3
2 = 1^3 + 1^3
8 = 2^3 + 0^3
8 = 0^3 + 2^3
9 = 1^3 + 2^3
9 = 2^3 + 1^3
16 = 2^3 + 2^3
27 = 3^3 + 0^3
27 = 0^3 + 3^3
28 = 1^3 + 3^3
28 = 3^3 + 1^3
35 = 2^3 + 3^3
35 = 3^3 + 2^3
54 = 3^3 + 3^3
64 = 4^3 + 0^3
64 = 0^3 + 4^3
65 = 1^3 + 4^3
65 = 4^3 + 1^3
72 = 2^3 + 4^3
72 = 4^3 + 2^3
91 = 3^3 + 4^3
91 = 4^3 + 3^3
125 = 5^3 + 0^3
125 = 0^3 + 5^3
126 = 1^3 + 5^3
126 = 5^3 + 1^3
128 = 4^3 + 4^3
133 = 2^3 + 5^3
133 = 5^3 + 2^3
152 = 3^3 + 5^3
152 = 5^3 + 3^3
189 = 4^3 + 5^3
189 = 5^3 + 4^3
250 = 5^3 + 5^3
