0 = 0^3 + 0^3
1 = 1^3 + 0^3
1 = 0^3 + 1^3
2 = 1^3 + 1^3
8 = 2^3 + 0^3
8 = 0^3 + 2^3
9 = 1^3 + 2^3
9 = 2^3 + 1^3
16 = 2^3 + 2^3
